[20-Jun-2019 18:21:04 America/Sao_Paulo] PHP Fatal error:  Class 'Illuminate\Foundation\Testing\TestCase' not found in /home2/gtrainer/public_html/luciaborges/tests/TestCase.php on line 7
[20-Jun-2019 21:12:44 America/Sao_Paulo] PHP Fatal error:  Class 'Illuminate\Foundation\Testing\TestCase' not found in /home2/gtrainer/public_html/luciaborges/tests/TestCase.php on line 7
